// Jest Snapshot v1, https://goo.gl/fbAQLP

exports[`EmailSubscriptionBox renders correctly in error mode 1`] = `
<EmailSubscriptionBox
  initialMode={Symbol(get)}
  subscribe={[MockFunction]}
>
  <Styled(div)>
    <div
      className="css-e2r573"
    >
      <Styled(form)
        onSubmit={[Function]}
      >
        <form
          className="css-7r30sm"
          onSubmit={[Function]}
        >
          <Styled(h3)>
            <h3
              className="css-1dwdxm7"
            >
              Get Updates
            </h3>
          </Styled(h3)>
          <Styled(div)
            className="has-float-label"
          >
            <div
              className="has-float-label css-1wxcosw"
            >
              <input
                className="form-control"
                id="email"
                name="email"
                placeholder=" "
                type="email"
              />
              <label
                htmlFor="email"
              >
                E-mail Address
              </label>
            </div>
          </Styled(div)>
          <Styled(div)>
            <div
              className="css-1w6tkh5"
            >
              <button
                className="btn-blue"
                disabled={false}
                type="submit"
              >
                Subscribe
              </button>
            </div>
          </Styled(div)>
        </form>
      </Styled(form)>
    </div>
  </Styled(div)>
</EmailSubscriptionBox>
`;

exports[`EmailSubscriptionBox renders correctly in get-email mode 1`] = `
<EmailSubscriptionBox
  initialMode={Symbol(get)}
  subscribe={[MockFunction]}
>
  <Styled(div)>
    <div
      className="css-e2r573"
    >
      <Styled(form)
        onSubmit={[Function]}
      >
        <form
          className="css-7r30sm"
          onSubmit={[Function]}
        >
          <Styled(h3)>
            <h3
              className="css-1dwdxm7"
            >
              Get Updates
            </h3>
          </Styled(h3)>
          <Styled(div)
            className="has-float-label"
          >
            <div
              className="has-float-label css-1wxcosw"
            >
              <input
                className="form-control"
                id="email"
                name="email"
                placeholder=" "
                type="email"
              />
              <label
                htmlFor="email"
              >
                E-mail Address
              </label>
            </div>
          </Styled(div)>
          <Styled(div)>
            <div
              className="css-1w6tkh5"
            >
              <button
                className="btn-blue"
                disabled={false}
                type="submit"
              >
                Subscribe
              </button>
            </div>
          </Styled(div)>
        </form>
      </Styled(form)>
    </div>
  </Styled(div)>
</EmailSubscriptionBox>
`;

exports[`EmailSubscriptionBox renders correctly in success mode 1`] = `
<EmailSubscriptionBox
  initialMode={Symbol(get)}
  subscribe={[MockFunction]}
>
  <Styled(div)>
    <div
      className="css-e2r573"
    >
      <Styled(form)
        onSubmit={[Function]}
      >
        <form
          className="css-7r30sm"
          onSubmit={[Function]}
        >
          <Styled(h3)>
            <h3
              className="css-1dwdxm7"
            >
              Get Updates
            </h3>
          </Styled(h3)>
          <Styled(div)
            className="has-float-label"
          >
            <div
              className="has-float-label css-1wxcosw"
            >
              <input
                className="form-control"
                id="email"
                name="email"
                placeholder=" "
                type="email"
              />
              <label
                htmlFor="email"
              >
                E-mail Address
              </label>
            </div>
          </Styled(div)>
          <Styled(div)>
            <div
              className="css-1w6tkh5"
            >
              <button
                className="btn-blue"
                disabled={false}
                type="submit"
              >
                Subscribe
              </button>
            </div>
          </Styled(div)>
        </form>
      </Styled(form)>
    </div>
  </Styled(div)>
</EmailSubscriptionBox>
`;
