// Jest Snapshot v1, https://goo.gl/fbAQLP

exports[`faq/faq/Faq renders successfully 1`] = `
<div
  className="container faqs"
>
  <h1>
    FAQ's
  </h1>
  <div
    className="panel"
  >
    <div
      className="panel-heading"
    >
      <span>
        How do I get started?
      </span>
    </div>
    <div
      className="panel-body"
    >
      <span>
        Check out our
         
        <a
          href="https://www.youtube.com/playlist?list=PLU-IMZq18nDsf6VpCrLezLgylfAbRPPV8"
        >
          video tutorial
        </a>
        .
      </span>
    </div>
  </div>
  <div
    className="panel"
  >
    <div
      className="panel-heading"
    >
      <span>
        Is this service free to use?
      </span>
    </div>
    <div
      className="panel-body"
    >
      <span>
        Yes!
      </span>
    </div>
  </div>
  <div
    className="panel"
  >
    <div
      className="panel-heading"
    >
      <span>
        Can I restrict access to my data and analysis results on OpenNeuro?
      </span>
    </div>
    <div
      className="panel-body"
    >
      <span>
        Yes, but only for a period of 18 months counted from first successful analysis of data from more than one participant. After this period the dataset and related analysis results will be made publicly available.
      </span>
    </div>
  </div>
  <div
    className="panel"
  >
    <div
      className="panel-heading"
    >
      <span>
        Are there any restrictions on the uploaded data?
      </span>
    </div>
    <div
      className="panel-body"
    >
      <span>
        Yes. By uploading this dataset to OpenNeuro you have to agree to the following conditions:
        <ul>
          <li>
            you are the owner of this dataset and have any necessary ethics permissions to share the data publicly.
          </li>
          <li>
            This dataset does not include any identifiable personal health information as defined by the Health Insurance Portability and Accountability Act of 1996 (including names, zip codes, dates of birth, acquisition dates, facial features on structural scans etc.).
          </li>
          <li>
            You agree that this dataset and results of all analyses performed on it using the OpenNeuro platform will become publicly available under a Creative Commons CC0 (“no rights reserved”) license after a grace period of 18 months counted from first successful analysis of data from more than one participant.
          </li>
        </ul>
      </span>
    </div>
  </div>
  <div
    className="panel"
  >
    <div
      className="panel-heading"
    >
      <span>
        Do I need to format my data in some special way before uploading it to OpenNeuro?
      </span>
    </div>
    <div
      className="panel-body"
    >
      <span>
        Yes! OpenNeuro only accepts data in the Brain Imaging Data Structure (BIDS) format. You can read about it more at
         
        <a
          href="http://bids.neuroimaging.io/"
          target="_blank"
        >
          bids.neuroimaging.io
        </a>
      </span>
    </div>
  </div>
  <div
    className="panel"
  >
    <div
      className="panel-heading"
    >
      <span>
        Do I need to remove facial features from structural images before uploading the data?
      </span>
    </div>
    <div
      className="panel-body"
    >
      <span>
        Yes. We recommend using
         
        <a
          href="https://pypi.python.org/pypi/pydeface"
          target="_blank"
        >
          pydeface
        </a>
        .
      </span>
    </div>
  </div>
</div>
`;
