// Jest Snapshot v1, https://goo.gl/fbAQLP

exports[`FileTree component renders with default props 1`] = `
<DocumentFragment>
  <article
    class="file-tree accordion "
  >
    <div
      class="accordion-title "
    >
      <span
        aria-label=""
        class="file-icon on-icon  "
        role="img"
      >
        <i
          class="fas fa-folder"
        />
      </span>
    </div>
    <div
      class="accordion-item  collapsed "
    >
      <div
        class="accordion-content"
      >
        <ul
          class="child-files"
        />
      </div>
    </div>
  </article>
</DocumentFragment>
`;
