// Jest Snapshot v1, https://goo.gl/fbAQLP

exports[`FileTreeUnloadedDirectory component renders with default props 1`] = `
<FileTreeUnloadedDirectory
  datasetId="ds000001"
  directory={
    Object {
      "filename": "test directory",
    }
  }
>
  <AccordionTab
    accordionStyle="file-tree"
    label="test directory"
    onClick={[Function]}
  >
    <article
      className="file-tree accordion "
    >
      <div
        className="accordion-title "
        onClick={[Function]}
      >
        <Icon
          className="file-icon"
          icon="fas fa-folder"
          label="test directory"
        >
          <span
            aria-label="icon"
            className="file-icon on-icon icon-text "
            role="img"
            style={
              Object {
                "backgroundColor": undefined,
                "color": undefined,
              }
            }
            title="test directory"
          >
            <i
              className="fas fa-folder"
              style={
                Object {
                  "fontSize": undefined,
                }
              }
            />
            test directory
          </span>
        </Icon>
      </div>
      <div
        className="accordion-item  collapsed "
      >
        <div
          className="accordion-content"
        >
          <FileTreeLoading>
            <Styled(div)>
              <div
                className="css-t3f89n"
              >
                <Styled(Component)
                  style={
                    Object {
                      "backgroundColor": AnimatedValue {
                        "animatedStyles": Set {},
                        "children": Array [
                          AnimatedStyle {
                            "attach": [Function],
                            "children": Array [
                              AnimatedProps {
                                "attach": [Function],
                                "children": Array [],
                                "detach": [Function],
                                "payload": Object {
                                  "className": "css-b1x83q",
                                  "style": [Circular],
                                },
                                "update": [Function],
                              },
                            ],
                            "detach": [Function],
                            "payload": [Circular],
                          },
                        ],
                        "done": false,
                        "lastPosition": 0,
                        "lastTime": undefined,
                        "lastVelocity": undefined,
                        "payload": undefined,
                        "setValue": [Function],
                        "startPosition": 0,
                        "startTime": 1632174716878,
                        "value": 0,
                      },
                      "width": AnimatedInterpolation {
                        "attach": [Function],
                        "calc": [Function],
                        "children": Array [
                          AnimatedStyle {
                            "attach": [Function],
                            "children": Array [
                              AnimatedProps {
                                "attach": [Function],
                                "children": Array [],
                                "detach": [Function],
                                "payload": Object {
                                  "className": "css-b1x83q",
                                  "style": [Circular],
                                },
                                "update": [Function],
                              },
                            ],
                            "detach": [Function],
                            "payload": [Circular],
                          },
                        ],
                        "detach": [Function],
                        "payload": Array [
                          AnimatedValue {
                            "animatedStyles": Set {},
                            "children": Array [
                              [Circular],
                            ],
                            "done": false,
                            "lastPosition": 0,
                            "lastTime": undefined,
                            "lastVelocity": undefined,
                            "payload": undefined,
                            "setValue": [Function],
                            "startPosition": 0,
                            "startTime": 1632174716878,
                            "value": 0,
                          },
                        ],
                      },
                    }
                  }
                >
                  <ForwardRef
                    className="css-b1x83q"
                    style={
                      Object {
                        "backgroundColor": AnimatedValue {
                          "animatedStyles": Set {},
                          "children": Array [
                            AnimatedStyle {
                              "attach": [Function],
                              "children": Array [
                                AnimatedProps {
                                  "attach": [Function],
                                  "children": Array [],
                                  "detach": [Function],
                                  "payload": Object {
                                    "className": "css-b1x83q",
                                    "style": [Circular],
                                  },
                                  "update": [Function],
                                },
                              ],
                              "detach": [Function],
                              "payload": [Circular],
                            },
                          ],
                          "done": false,
                          "lastPosition": 0,
                          "lastTime": undefined,
                          "lastVelocity": undefined,
                          "payload": undefined,
                          "setValue": [Function],
                          "startPosition": 0,
                          "startTime": 1632174716878,
                          "value": 0,
                        },
                        "width": AnimatedInterpolation {
                          "attach": [Function],
                          "calc": [Function],
                          "children": Array [
                            AnimatedStyle {
                              "attach": [Function],
                              "children": Array [
                                AnimatedProps {
                                  "attach": [Function],
                                  "children": Array [],
                                  "detach": [Function],
                                  "payload": Object {
                                    "className": "css-b1x83q",
                                    "style": [Circular],
                                  },
                                  "update": [Function],
                                },
                              ],
                              "detach": [Function],
                              "payload": [Circular],
                            },
                          ],
                          "detach": [Function],
                          "payload": Array [
                            AnimatedValue {
                              "animatedStyles": Set {},
                              "children": Array [
                                [Circular],
                              ],
                              "done": false,
                              "lastPosition": 0,
                              "lastTime": undefined,
                              "lastVelocity": undefined,
                              "payload": undefined,
                              "setValue": [Function],
                              "startPosition": 0,
                              "startTime": 1632174716878,
                              "value": 0,
                            },
                          ],
                        },
                      }
                    }
                  >
                    <div
                      className="css-b1x83q"
                      style={
                        Object {
                          "backgroundColor": 0,
                          "width": "0%",
                        }
                      }
                    />
                  </ForwardRef>
                </Styled(Component)>
              </div>
            </Styled(div)>
          </FileTreeLoading>
        </div>
      </div>
    </article>
  </AccordionTab>
</FileTreeUnloadedDirectory>
`;
