// Jest Snapshot v1, https://goo.gl/fbAQLP

exports[`component WarnButton renders successfully 1`] = `
<span
  className="fade-in"
>
  <button
    className="btn-warn-component warning"
    onClick={[Function]}
  >
    <i
      className="fa fa-trash-o"
    />
      
    A Button!
  </button>
</span>
`;

exports[`component WarnButton renders with warnings disable 1`] = `
<span
  className="fade-in"
>
  <button
    className="btn-warn-component warning"
    onClick={[Function]}
  >
    <i
      className="fa fa-trash-o"
    />
      
    A Button!
  </button>
</span>
`;
