// Vitest Snapshot v1

exports[`CancelButton component > renders with default props 1`] = `
<DocumentFragment>
  <button
    aria-label="Cancel"
    class="on-button on-button--medium on-button--default icon-text description-btn description-button-cancel"
    role="button"
    type="button"
  >
    <i
      aria-hidden="true"
      class="fas fa-times css-0"
    />
    Cancel
  </button>
</DocumentFragment>
`;
