// Vitest Snapshot v1

exports[`SaveButton component > renders with default props 1`] = `
<DocumentFragment>
  <button
    aria-label="Save"
    class="on-button on-button--medium on-button--default icon-text description-btn description-button-save"
    role="button"
    type="button"
  >
    <i
      aria-hidden="true"
      class="fas fa-check css-0"
    />
    Save
  </button>
</DocumentFragment>
`;
