// Jest Snapshot v1, https://goo.gl/fbAQLP

exports[`EditReadme component renders with default props 1`] = `
<EditReadme>
  <EditButton
    action={[Function]}
  >
    <WarnButton
      action={[Function]}
      cancel={
        <i
          className="fa fa-times"
        />
      }
      confirm={
        <i
          className="fa fa-check"
        />
      }
      icon="fa-edit"
      message="Edit"
      tooltip={null}
      warn={false}
    >
      <span
        className=""
      >
        <button
          className="btn-warn-component warning"
          onClick={[Function]}
        >
          <i
            className="fa fa-edit"
          />
           
          Edit
        </button>
      </span>
    </WarnButton>
  </EditButton>
</EditReadme>
`;
