// Vitest Snapshot v1

exports[`UpdateDescription mutation > renders with common props 1`] = `
<DocumentFragment>
  Mutation mock
</DocumentFragment>
`;
