// Jest Snapshot v1, https://goo.gl/fbAQLP

exports[`dataset/dataset/run/JobAccordion renders a failed run 1`] = `
<Route>
  <Component />
</Route>
`;

exports[`dataset/dataset/run/JobAccordion renders a successful run 1`] = `
<Route>
  <Component />
</Route>
`;
