// Vitest Snapshot v1, https://vitest.dev/guide/snapshot.html

exports[`Comments component > recursively renders a tree of comments 1`] = `
<DocumentFragment>
  <div
    class="dataset-comments"
  >
    <h2>
      Comments
    </h2>
    <div>
      Please sign in to contribute to the discussion.
    </div>
  </div>
</DocumentFragment>
`;

exports[`Comments component > renders one top level comment 1`] = `
<DocumentFragment>
  <div
    class="dataset-comments"
  >
    <h2>
      Comments
    </h2>
    <div>
      Please sign in to contribute to the discussion.
    </div>
  </div>
</DocumentFragment>
`;
