// Vitest Snapshot v1

exports[`download.js > checkDestination() > throws an error on existing directories 1`] = `"Target file \\"package.json\\" must be a directory"`;
