// Jest Snapshot v1, https://goo.gl/fbAQLP

exports[`Directory component renders with default props 1`] = `<Component />`;
