// Jest Snapshot v1, https://goo.gl/fbAQLP

exports[`UpdateDescription mutation renders with common props 1`] = `
<DocumentFragment>
  Mutation mock
</DocumentFragment>
`;
