// Jest Snapshot v1, https://goo.gl/fbAQLP

exports[`EditButton component renders with default props 1`] = `
<Button
  className="description-btn description-button-edit"
  icon="fas fa-edit"
  label="Edit"
  onClick={[Function]}
/>
`;
