// Jest Snapshot v1, https://goo.gl/fbAQLP

exports[`common/forms/WarnButton renders successfully 1`] = `
<DocumentFragment>
  <span
    class=""
  >
    <button
      class="btn-warn-component warning"
    >
      <i
        class="fa fa-trash-o"
      />
       A Button!
    </button>
  </span>
</DocumentFragment>
`;

exports[`common/forms/WarnButton renders with warnings disable 1`] = `
<DocumentFragment>
  <span
    class=""
  >
    <button
      class="btn-warn-component warning"
    >
      <i
        class="fa fa-trash-o"
      />
       A Button!
    </button>
  </span>
</DocumentFragment>
`;
