// Jest Snapshot v1, https://goo.gl/fbAQLP

exports[`dataset/download/DownloadDataset renders successfully 1`] = `
<Route>
  <Component />
</Route>
`;
